// Jest Snapshot v1, https://goo.gl/fbAQLP

exports[`Button Button组件快照测试 1`] = `
<div
  className="button"
  onClick={[Function]}
  role="button"
>
  click
</div>
`;
